
Allocating common symbols
Common symbol       size              file

TLS                 0x4               obj/kernel.o
month               0x1               obj/rtc.o
mt_int_level        0x4               obj/irq.o
line                0xc8              obj/cron.o
second              0x1               obj/rtc.o
minute              0x1               obj/rtc.o
mt_last_task        0x4               obj/kernel.o
hour                0x1               obj/rtc.o
mt_fpu_task         0x4               obj/kernel.o
mt_curr_task        0x4               obj/kernel.o
year                0x4               obj/rtc.o
day                 0x1               obj/rtc.o

Discarded input sections

 .note.GNU-stack
                0x0000000000000000        0x0 obj/rand.o
 .note.GNU-stack
                0x0000000000000000        0x0 obj/split.o
 .note.GNU-stack
                0x0000000000000000        0x0 obj/states.o
 .note.GNU-stack
                0x0000000000000000        0x0 obj/getch.o
 .note.GNU-stack
                0x0000000000000000        0x0 obj/sprintf.o
 .note.GNU-stack
                0x0000000000000000        0x0 obj/printk.o
 .note.GNU-stack
                0x0000000000000000        0x0 obj/getline.o
 .note.GNU-stack
                0x0000000000000000        0x0 obj/malloc.o
 .note.GNU-stack
                0x0000000000000000        0x0 obj/atoi.o
 .note.GNU-stack
                0x0000000000000000        0x0 obj/itoa.o
 .note.GNU-stack
                0x0000000000000000        0x0 obj/string.o
 .note.GNU-stack
                0x0000000000000000        0x0 obj/strtol.o
 .note.GNU-stack
                0x0000000000000000        0x0 obj/monitor.o
 .note.GNU-stack
                0x0000000000000000        0x0 obj/msgqueue.o
 .note.GNU-stack
                0x0000000000000000        0x0 obj/mutex.o
 .note.GNU-stack
                0x0000000000000000        0x0 obj/pipe.o
 .note.GNU-stack
                0x0000000000000000        0x0 obj/sem.o
 .note.GNU-stack
                0x0000000000000000        0x0 obj/gdt_idt.o
 .note.GNU-stack
                0x0000000000000000        0x0 obj/rtc.o
 .note.GNU-stack
                0x0000000000000000        0x0 obj/queue.o
 .note.GNU-stack
                0x0000000000000000        0x0 obj/kernel.o
 .note.GNU-stack
                0x0000000000000000        0x0 obj/irq.o
 .note.GNU-stack
                0x0000000000000000        0x0 obj/math.o
 .note.GNU-stack
                0x0000000000000000        0x0 obj/ide.o
 .note.GNU-stack
                0x0000000000000000        0x0 obj/drivers.o
 .note.GNU-stack
                0x0000000000000000        0x0 obj/input.o
 .note.GNU-stack
                0x0000000000000000        0x0 obj/ps2.o
 .note.GNU-stack
                0x0000000000000000        0x0 obj/timer.o
 .note.GNU-stack
                0x0000000000000000        0x0 obj/cons.o
 .note.GNU-stack
                0x0000000000000000        0x0 obj/events.o
 .note.GNU-stack
                0x0000000000000000        0x0 obj/shell.o
 .note.GNU-stack
                0x0000000000000000        0x0 obj/peluqueria.o
 .note.GNU-stack
                0x0000000000000000        0x0 obj/cron.o
 .note.GNU-stack
                0x0000000000000000        0x0 obj/test.o
 .note.GNU-stack
                0x0000000000000000        0x0 obj/filo.o
 .note.GNU-stack
                0x0000000000000000        0x0 obj/sfilo.o
 .note.GNU-stack
                0x0000000000000000        0x0 obj/ts.o
 .note.GNU-stack
                0x0000000000000000        0x0 obj/time.o
 .note.GNU-stack
                0x0000000000000000        0x0 obj/disk.o
 .note.GNU-stack
                0x0000000000000000        0x0 obj/camino.o
 .note.GNU-stack
                0x0000000000000000        0x0 obj/xfilo.o
 .note.GNU-stack
                0x0000000000000000        0x0 obj/prodcons.o
 .note.GNU-stack
                0x0000000000000000        0x0 obj/afilo.o
 .note.GNU-stack
                0x0000000000000000        0x0 obj/divz.o
 .note.GNU-stack
                0x0000000000000000        0x0 obj/calendar.o
 .note.GNU-stack
                0x0000000000000000        0x0 obj/kill.o
 .note.GNU-stack
                0x0000000000000000        0x0 obj/camino_ns.o
 .note.GNU-stack
                0x0000000000000000        0x0 obj/setkb.o
 .note.GNU-stack
                0x0000000000000000        0x0 obj/cal_and_ts.o

Memory Configuration

Name             Origin             Length             Attributes
*default*        0x0000000000000000 0xffffffffffffffff

Linker script and memory map

Address of section .text-segment set to 0x100000
LOAD obj/kstart.o
LOAD obj/io.o
LOAD obj/rand.o
LOAD obj/split.o
LOAD obj/states.o
LOAD obj/getch.o
LOAD obj/sprintf.o
LOAD obj/printk.o
LOAD obj/getline.o
LOAD obj/malloc.o
LOAD obj/atoi.o
LOAD obj/itoa.o
LOAD obj/string.o
LOAD obj/strtol.o
LOAD obj/monitor.o
LOAD obj/msgqueue.o
LOAD obj/mutex.o
LOAD obj/pipe.o
LOAD obj/sem.o
LOAD obj/interrupts.o
LOAD obj/gdt_idt.o
LOAD obj/rtc.o
LOAD obj/queue.o
LOAD obj/kernel.o
LOAD obj/irq.o
LOAD obj/math.o
LOAD obj/libasm.o
LOAD obj/ide.o
LOAD obj/drivers.o
LOAD obj/input.o
LOAD obj/ps2.o
LOAD obj/timer.o
LOAD obj/cons.o
LOAD obj/events.o
LOAD obj/shell.o
LOAD obj/peluqueria.o
LOAD obj/cron.o
LOAD obj/test.o
LOAD obj/filo.o
LOAD obj/sfilo.o
LOAD obj/ts.o
LOAD obj/time.o
LOAD obj/disk.o
LOAD obj/camino.o
LOAD obj/xfilo.o
LOAD obj/prodcons.o
LOAD obj/afilo.o
LOAD obj/divz.o
LOAD obj/calendar.o
LOAD obj/kill.o
LOAD obj/camino_ns.o
LOAD obj/setkb.o
LOAD obj/cal_and_ts.o
                0x0000000000100000                PROVIDE (__executable_start, 0x100000)
                0x00000000001000d4                . = (0x100000 + SIZEOF_HEADERS)

.interp
 *(.interp)

.note.gnu.build-id
                0x00000000001000d4       0x24
 *(.note.gnu.build-id)
 .note.gnu.build-id
                0x00000000001000d4       0x24 obj/kstart.o

.hash
 *(.hash)

.gnu.hash
 *(.gnu.hash)

.dynsym
 *(.dynsym)

.dynstr
 *(.dynstr)

.gnu.version
 *(.gnu.version)

.gnu.version_d
 *(.gnu.version_d)

.gnu.version_r
 *(.gnu.version_r)

.rel.dyn        0x00000000001000f8        0x0
 *(.rel.init)
 *(.rel.text .rel.text.* .rel.gnu.linkonce.t.*)
 .rel.text      0x0000000000000000        0x0 obj/kstart.o
 *(.rel.fini)
 *(.rel.rodata .rel.rodata.* .rel.gnu.linkonce.r.*)
 *(.rel.data.rel.ro .rel.data.rel.ro.* .rel.gnu.linkonce.d.rel.ro.*)
 *(.rel.data .rel.data.* .rel.gnu.linkonce.d.*)
 .rel.data      0x0000000000000000        0x0 obj/kstart.o
 *(.rel.tdata .rel.tdata.* .rel.gnu.linkonce.td.*)
 *(.rel.tbss .rel.tbss.* .rel.gnu.linkonce.tb.*)
 *(.rel.ctors)
 *(.rel.dtors)
 *(.rel.got)
 *(.rel.bss .rel.bss.* .rel.gnu.linkonce.b.*)
 *(.rel.ifunc)

.rel.plt        0x00000000001000f8        0x0
 *(.rel.plt)
                0x00000000001000f8                PROVIDE (__rel_iplt_start, .)
 *(.rel.iplt)
 .rel.iplt      0x0000000000000000        0x0 obj/kstart.o
                0x00000000001000f8                PROVIDE (__rel_iplt_end, .)

.init
 *(SORT(.init))

.plt            0x0000000000100100        0x0
 *(.plt)
 *(.iplt)
 .iplt          0x0000000000000000        0x0 obj/kstart.o

.text           0x0000000000100100     0xe43c
 *(.text.unlikely .text.*_unlikely .text.unlikely.*)
 *(.text.exit .text.exit.*)
 *(.text.startup .text.startup.*)
 *(.text.hot .text.hot.*)
 *(.text .stub .text.* .gnu.linkonce.t.*)
 .text          0x0000000000100100       0x1a obj/kstart.o
                0x000000000010010c                _start
 .text          0x000000000010011a       0x48 obj/io.o
                0x000000000010011a                inb
                0x0000000000100125                outb
                0x0000000000100132                inw
                0x000000000010013e                outw
                0x000000000010014c                inl
                0x0000000000100155                outl
 .text          0x0000000000100162       0xae obj/rand.o
                0x00000000001001ef                rand
                0x0000000000100203                srand
 .text          0x0000000000100210      0x34e obj/split.o
                0x0000000000100265                setfs
                0x000000000010028d                split
                0x000000000010043a                separate
 .text          0x000000000010055e       0x20 obj/states.o
                0x000000000010055e                statename
 .text          0x000000000010057e       0x76 obj/getch.o
                0x000000000010057e                getch
                0x00000000001005a3                getch_cond
                0x00000000001005c8                getch_timed
 .text          0x00000000001005f4     0x1582 obj/sprintf.o
                0x00000000001008e0                ecvtbuf
                0x0000000000100923                fcvtbuf
                0x0000000000101626                vsprintf
                0x0000000000101b49                sprintf
 .text          0x0000000000101b76      0x15a obj/printk.o
                0x0000000000101b76                vprintk
                0x0000000000101bed                printk
                0x0000000000101c1d                print0
                0x0000000000101c70                cprintk
 .text          0x0000000000101cd0      0x209 obj/getline.o
                0x0000000000101d1d                getline
 .text          0x0000000000101ed9      0x1e3 obj/malloc.o
                0x0000000000101ed9                mt_setup_heap
                0x0000000000101f3b                free
                0x000000000010201c                malloc
 .text          0x00000000001020bc       0xa1 obj/atoi.o
                0x00000000001020bc                atoi
 .text          0x000000000010215d        0x0 obj/itoa.o
 .text          0x000000000010215d      0x36a obj/string.o
                0x000000000010215d                strcpy
                0x0000000000102190                strncpy
                0x00000000001021d2                strcat
                0x0000000000102217                strncat
                0x0000000000102265                strcmp
                0x00000000001022a2                strncmp
                0x00000000001022ea                strchr
                0x000000000010231d                strrchr
                0x0000000000102358                strlen
                0x0000000000102384                strnlen
                0x00000000001023b2                memcpy
                0x00000000001023f7                memmove
                0x0000000000102464                memchr
                0x00000000001024a2                memset
 .text          0x00000000001024c7      0x471 obj/strtol.o
                0x0000000000102577                strtol
                0x0000000000102766                strtoul
 .text          0x0000000000102938      0x336 obj/monitor.o
                0x0000000000102938                CreateMonitor
                0x0000000000102962                DeleteMonitor
                0x000000000010299b                EnterMonitor
                0x00000000001029b6                EnterMonitorCond
                0x00000000001029d1                EnterMonitorTimed
                0x0000000000102a47                LeaveMonitor
                0x0000000000102a94                CreateCondition
                0x0000000000102ac7                DeleteCondition
                0x0000000000102b00                WaitCondition
                0x0000000000102b1b                WaitConditionTimed
                0x0000000000102bac                SignalCondition
                0x0000000000102c0d                BroadcastCondition
 .text          0x0000000000102c6e      0x33e obj/msgqueue.o
                0x0000000000102c6e                CreateMsgQueue
                0x0000000000102d7c                DeleteMsgQueue
                0x0000000000102dc6                GetMsgQueue
                0x0000000000102de8                GetMsgQueueCond
                0x0000000000102e0a                GetMsgQueueTimed
                0x0000000000102eae                PutMsgQueue
                0x0000000000102ed0                PutMsgQueueCond
                0x0000000000102ef2                PutMsgQueueTimed
                0x0000000000102f96                AvailMsgQueue
 .text          0x0000000000102fac      0x18e obj/mutex.o
                0x0000000000102fac                CreateMutex
                0x0000000000102fd6                DeleteMutex
                0x000000000010300f                EnterMutex
                0x000000000010302a                EnterMutexCond
                0x0000000000103045                EnterMutexTimed
                0x00000000001030c0                LeaveMutex
 .text          0x000000000010313a      0x533 obj/pipe.o
                0x000000000010313a                CreatePipe
                0x0000000000103237                DeletePipe
                0x0000000000103282                GetPipe
                0x00000000001032ab                GetPipeCond
                0x00000000001032d4                GetPipeTimed
                0x000000000010346b                PutPipe
                0x0000000000103494                PutPipeCond
                0x00000000001034bd                PutPipeTimed
                0x0000000000103662                AvailPipe
 .text          0x000000000010366d      0x1a7 obj/sem.o
                0x000000000010366d                CreateSem
                0x00000000001036a0                DeleteSem
                0x00000000001036f3                WaitSem
                0x000000000010370e                WaitSemCond
                0x0000000000103729                WaitSemTimed
                0x000000000010378b                SignalSem
                0x00000000001037cb                ValueSem
                0x00000000001037d6                FlushSem
 *fill*         0x0000000000103814        0xc 
 .text          0x0000000000103820      0x356 obj/interrupts.o
                0x0000000000103820                mt_int_stubs
 .text          0x0000000000103b76       0xfb obj/gdt_idt.o
                0x0000000000103c5f                mt_setup_gdt_idt
 .text          0x0000000000103c71      0x6d1 obj/rtc.o
                0x0000000000103c71                get_update_in_progress_flag
                0x0000000000103c9e                get_RTC_register
                0x0000000000103cc5                toBCD
                0x0000000000103d9f                write_rtc
                0x0000000000103f38                read_rtc
                0x00000000001042fe                full_year
 .text          0x0000000000104342      0x3f6 obj/queue.o
                0x0000000000104342                mt_enqueue
                0x0000000000104428                mt_dequeue
                0x00000000001044af                mt_peeklast
                0x00000000001044ba                mt_getlast
                0x000000000010452a                mt_enqueue_time
                0x0000000000104628                mt_dequeue_time
                0x00000000001046c2                mt_peekfirst_time
                0x00000000001046cc                mt_getfirst_time
 .text          0x0000000000104738     0x1b42 obj/kernel.o
                0x0000000000104738                mt_main
                0x0000000000104a08                mt_select_task
                0x0000000000104d99                getCountCronList
                0x0000000000104da3                get_cron_tasks
                0x0000000000104dad                kernel_rtc_int_handler
                0x0000000000104f24                cronTask_list_add
                0x0000000000104f68                cronTask_list_remove
                0x000000000010502d                CreateTask
                0x0000000000105101                DeleteTask
                0x00000000001051a9                Protect
                0x00000000001051d6                Attach
                0x000000000010524a                Detach
                0x00000000001052c4                SetPriority
                0x000000000010535d                SetConsole
                0x00000000001053d6                SetSaveRestore
                0x0000000000105422                SetCleanup
                0x0000000000105458                GetInfo
                0x000000000010552f                GetTasks
                0x0000000000105597                Ready
                0x00000000001055f9                Suspend
                0x0000000000105665                CurrentTask
                0x000000000010566f                Pause
                0x0000000000105684                Yield
                0x0000000000105699                Delay
                0x0000000000105715                UDelay
                0x000000000010573f                Join
                0x0000000000105761                JoinCond
                0x0000000000105783                JoinTimed
                0x00000000001058a0                Exit
                0x0000000000105a40                Panic
                0x0000000000105ae6                Atomic
                0x0000000000105af9                Unatomic
                0x0000000000105b41                SetInts
                0x0000000000105b73                CreateQueue
                0x0000000000105b9d                DeleteQueue
                0x0000000000105bd0                WaitQueue
                0x0000000000105beb                WaitQueueTimed
                0x0000000000105c79                SignalQueue
                0x0000000000105cca                FlushQueue
                0x0000000000105d28                Send
                0x0000000000105d51                SendCond
                0x0000000000105d7a                SendTimed
                0x0000000000105f02                Receive
                0x0000000000105f2b                ReceiveCond
                0x0000000000105f54                ReceiveTimed
                0x000000000010615c                GetName
                0x0000000000106173                Time
                0x0000000000106193                Malloc
                0x00000000001061e7                StrDup
                0x000000000010624b                Free
                0x0000000000106270                get_suma
 .text          0x000000000010627a      0x369 obj/irq.o
                0x00000000001063dd                mt_int_handler
                0x0000000000106438                mt_setup_interrupts
                0x0000000000106487                mt_set_int_handler
                0x00000000001064a6                mt_set_exception_handler
                0x00000000001064c5                mt_disable_irq
                0x0000000000106552                mt_enable_irq
 .text          0x00000000001065e3       0x95 obj/math.o
                0x000000000010665c                mt_setup_math
 .text          0x0000000000106678       0x70 obj/libasm.o
                0x0000000000106678                mt_load_gdt
                0x0000000000106695                mt_load_idt
                0x000000000010669d                mt_context_switch
                0x00000000001066be                mt_sti
                0x00000000001066c0                mt_cli
                0x00000000001066c2                mt_flags
                0x00000000001066c5                mt_finit
                0x00000000001066c9                mt_fsave
                0x00000000001066d1                mt_frstor
                0x00000000001066d9                mt_stts
                0x00000000001066e3                mt_clts
                0x00000000001066e6                mt_hlt
 .text          0x00000000001066e8      0xb10 obj/ide.o
                0x0000000000107024                mt_ide_init
                0x0000000000107112                mt_ide_read
                0x0000000000107142                mt_ide_write
                0x0000000000107172                mt_ide_model
                0x00000000001071b5                mt_ide_capacity
 .text          0x00000000001071f8       0x1c obj/drivers.o
                0x00000000001071f8                mt_init_drivers
 .text          0x0000000000107214      0x2c2 obj/input.o
                0x0000000000107214                mt_input_init
                0x00000000001072dc                mt_input_put
                0x00000000001072f8                mt_input_get
                0x0000000000107314                mt_input_get_cond
                0x0000000000107330                mt_input_get_timed
                0x0000000000107353                mt_kbd_putch
                0x0000000000107375                mt_kbd_puts
                0x00000000001073dd                mt_kbd_getch
                0x00000000001073f9                mt_kbd_getch_cond
                0x0000000000107415                mt_kbd_getch_timed
                0x0000000000107438                mt_input_setfocus
                0x000000000010748b                mt_input_setcurrent
 .text          0x00000000001074d6      0x8a4 obj/ps2.o
                0x0000000000107bd3                mt_ps2_init
                0x0000000000107d05                mt_ps2_getlayout
                0x0000000000107d0f                mt_ps2_setlayout
                0x0000000000107d70                mt_ps2_layouts
 .text          0x0000000000107d7a      0x1a1 obj/timer.o
                0x0000000000107d7a                mt_setup_timer
                0x0000000000107e4d                alarm_handler
                0x0000000000107e92                rtc_setup
 .text          0x0000000000107f1b      0x9b5 obj/cons.o
                0x0000000000108312                mt_cons_init
                0x000000000010836c                mt_cons_clear
                0x00000000001083d3                mt_cons_clreol
                0x0000000000108459                mt_cons_clreom
                0x00000000001084cd                mt_cons_nrows
                0x00000000001084d7                mt_cons_ncols
                0x00000000001084e1                mt_cons_nscrolls
                0x00000000001084ee                mt_cons_getxy
                0x000000000010852a                mt_cons_gotoxy
                0x0000000000108573                mt_cons_setattr
                0x0000000000108596                mt_cons_getattr
                0x00000000001085e2                mt_cons_cursor
                0x0000000000108627                mt_cons_putc
                0x00000000001086c4                mt_cons_puts
                0x0000000000108709                mt_cons_cr
                0x000000000010873c                mt_cons_nl
                0x0000000000108785                mt_cons_tab
                0x00000000001087d9                mt_cons_bs
                0x0000000000108842                mt_cons_raw
                0x000000000010887d                mt_cons_setfocus
                0x000000000010889c                mt_cons_setcurrent
                0x00000000001088ae                mt_cons_set0
 .text          0x00000000001088d0      0x17c obj/events.o
                0x00000000001088d0                events_main
 .text          0x0000000000108a4c      0x78a obj/shell.o
                0x0000000000108b4c                shell_main
 .text          0x00000000001091d6      0x840 obj/peluqueria.o
                0x000000000010972d                peluqueria_main
 .text          0x0000000000109a16      0x82c obj/cron.o
                0x0000000000109a55                correAhora
                0x0000000000109afe                fechaHrOk
                0x0000000000109b7f                cron_main
 .text          0x000000000010a242       0x19 obj/test.o
                0x000000000010a242                test_main
 .text          0x000000000010a25b      0x617 obj/filo.o
                0x000000000010a68d                phil_main
 .text          0x000000000010a872      0x576 obj/sfilo.o
                0x000000000010ac2d                simple_phil_main
 .text          0x000000000010ade8      0x361 obj/ts.o
                0x000000000010ae9c                ts_main
 .text          0x000000000010b149      0x2c4 obj/time.o
                0x000000000010b149                time_main
 .text          0x000000000010b40d      0x180 obj/disk.o
                0x000000000010b562                disk_main
 .text          0x000000000010b58d      0x96b obj/camino.o
                0x000000000010bd23                camino_main
 .text          0x000000000010bef8      0x679 obj/xfilo.o
                0x000000000010c38c                extra_phil_main
 .text          0x000000000010c571      0x571 obj/prodcons.o
                0x000000000010c82e                prodcons_main
 .text          0x000000000010cae2      0x5dc obj/afilo.o
                0x000000000010cf4c                atomic_phil_main
 .text          0x000000000010d0be       0xf2 obj/divz.o
                0x000000000010d0f9                divz_main
 .text          0x000000000010d1b0      0x31f obj/calendar.o
                0x000000000010d1b0                is_leap
                0x000000000010d22a                days_in_month
                0x000000000010d262                determinedaycode
                0x000000000010d303                print_calendar
                0x000000000010d45b                check_time
                0x000000000010d490                check_date
 .text          0x000000000010d4cf      0x12a obj/kill.o
                0x000000000010d4cf                kill_main
 .text          0x000000000010d5f9      0xb13 obj/camino_ns.o
                0x000000000010df5a                camino_ns_main
 .text          0x000000000010e10c       0xf0 obj/setkb.o
                0x000000000010e10c                setkb_main
 .text          0x000000000010e1fc      0x340 obj/cal_and_ts.o
                0x000000000010e28a                cal_and_ts_main
 *(.gnu.warning)

.fini
 *(SORT(.fini))
                0x000000000010e53c                PROVIDE (__etext, .)
                0x000000000010e53c                PROVIDE (_etext, .)
                0x000000000010e53c                PROVIDE (etext, .)

.rodata         0x000000000010e540     0x14e7
 *(.rodata .rodata.* .gnu.linkonce.r.*)
 .rodata        0x000000000010e540        0x1 obj/split.o
 *fill*         0x000000000010e541        0x3 
 .rodata        0x000000000010e544       0x50 obj/states.o
 *fill*         0x000000000010e594        0x4 
 .rodata        0x000000000010e598      0x188 obj/sprintf.o
 .rodata        0x000000000010e720        0xf obj/getline.o
 *fill*         0x000000000010e72f        0x1 
 .rodata        0x000000000010e730      0x10b obj/monitor.o
 *fill*         0x000000000010e83b        0x1 
 .rodata        0x000000000010e83c       0x32 obj/msgqueue.o
 *fill*         0x000000000010e86e        0x2 
 .rodata        0x000000000010e870       0x2a obj/mutex.o
 .rodata        0x000000000010e89a        0xe obj/pipe.o
 .rodata        0x000000000010e8a8      0x286 obj/kernel.o
 *fill*         0x000000000010eb2e        0x2 
 .rodata        0x000000000010eb30       0x3f obj/irq.o
 .rodata        0x000000000010eb6f       0x1e obj/ide.o
 .rodata        0x000000000010eb8d       0x1e obj/input.o
 .rodata        0x000000000010ebab       0x35 obj/ps2.o
 .rodata        0x000000000010ebe0       0x69 obj/events.o
 .rodata        0x000000000010ec49      0x16a obj/shell.o
 *fill*         0x000000000010edb3        0x1 
 .rodata        0x000000000010edb4      0x157 obj/peluqueria.o
 *fill*         0x000000000010ef0b        0x1 
 .rodata        0x000000000010ef0c      0x23e obj/cron.o
 .rodata        0x000000000010f14a        0xc obj/test.o
 *fill*         0x000000000010f156        0x2 
 .rodata        0x000000000010f158       0x69 obj/filo.o
 *fill*         0x000000000010f1c1        0x3 
 .rodata        0x000000000010f1c4       0x69 obj/sfilo.o
 *fill*         0x000000000010f22d        0x3 
 .rodata        0x000000000010f230       0xde obj/ts.o
 *fill*         0x000000000010f30e        0x2 
 .rodata        0x000000000010f310       0x90 obj/time.o
 .rodata        0x000000000010f3a0       0xe6 obj/disk.o
 *fill*         0x000000000010f486        0x2 
 .rodata        0x000000000010f488       0x88 obj/camino.o
 .rodata        0x000000000010f510       0x69 obj/xfilo.o
 *fill*         0x000000000010f579        0x3 
 .rodata        0x000000000010f57c       0xac obj/prodcons.o
 .rodata        0x000000000010f628       0x57 obj/afilo.o
 *fill*         0x000000000010f67f        0x1 
 .rodata        0x000000000010f680       0x6b obj/divz.o
 *fill*         0x000000000010f6eb        0x5 
 .rodata        0x000000000010f6f0       0xb0 obj/calendar.o
 .rodata        0x000000000010f7a0       0x4b obj/kill.o
 *fill*         0x000000000010f7eb        0x1 
 .rodata        0x000000000010f7ec       0xa0 obj/camino_ns.o
 .rodata        0x000000000010f88c       0x62 obj/setkb.o
 *fill*         0x000000000010f8ee        0x2 
 .rodata        0x000000000010f8f0      0x137 obj/cal_and_ts.o

.rodata1
 *(.rodata1)

.eh_frame_hdr   0x000000000010fa28      0xca4
 *(.eh_frame_hdr)
 .eh_frame_hdr  0x000000000010fa28      0xca4 obj/rand.o

.eh_frame       0x00000000001106cc     0x345c
 *(.eh_frame)
 .eh_frame      0x00000000001106cc       0x78 obj/rand.o
 .eh_frame      0x0000000000110744       0xc0 obj/split.o
                                         0xd8 (size before relaxing)
 .eh_frame      0x0000000000110804       0x20 obj/states.o
                                         0x38 (size before relaxing)
 .eh_frame      0x0000000000110824       0x60 obj/getch.o
                                         0x78 (size before relaxing)
 .eh_frame      0x0000000000110884      0x1ec obj/sprintf.o
                                        0x204 (size before relaxing)
 .eh_frame      0x0000000000110a70       0x80 obj/printk.o
                                         0x98 (size before relaxing)
 .eh_frame      0x0000000000110af0       0x40 obj/getline.o
                                         0x58 (size before relaxing)
 .eh_frame      0x0000000000110b30       0x60 obj/malloc.o
                                         0x78 (size before relaxing)
 .eh_frame      0x0000000000110b90       0x20 obj/atoi.o
                                         0x38 (size before relaxing)
 .eh_frame      0x0000000000110bb0      0x244 obj/string.o
                                        0x25c (size before relaxing)
 .eh_frame      0x0000000000110df4       0xe0 obj/strtol.o
                                         0xf8 (size before relaxing)
 .eh_frame      0x0000000000110ed4      0x18c obj/monitor.o
                                        0x1a4 (size before relaxing)
 .eh_frame      0x0000000000111060      0x120 obj/msgqueue.o
                                        0x138 (size before relaxing)
 .eh_frame      0x0000000000111180       0xc0 obj/mutex.o
                                         0xd8 (size before relaxing)
 .eh_frame      0x0000000000111240      0x130 obj/pipe.o
                                        0x148 (size before relaxing)
 .eh_frame      0x0000000000111370      0x100 obj/sem.o
                                        0x118 (size before relaxing)
 .eh_frame      0x0000000000111470       0x60 obj/gdt_idt.o
                                         0x78 (size before relaxing)
 .eh_frame      0x00000000001114d0       0xd0 obj/rtc.o
                                         0xe8 (size before relaxing)
 .eh_frame      0x00000000001115a0      0x100 obj/queue.o
                                        0x118 (size before relaxing)
 .eh_frame      0x00000000001116a0      0x818 obj/kernel.o
                                        0x830 (size before relaxing)
 .eh_frame      0x0000000000111eb8      0x148 obj/irq.o
                                        0x160 (size before relaxing)
 .eh_frame      0x0000000000112000       0x44 obj/math.o
                                         0x5c (size before relaxing)
 .eh_frame      0x0000000000112044      0x1e8 obj/ide.o
                                        0x200 (size before relaxing)
 .eh_frame      0x000000000011222c       0x20 obj/drivers.o
                                         0x38 (size before relaxing)
 .eh_frame      0x000000000011224c      0x180 obj/input.o
                                        0x198 (size before relaxing)
 .eh_frame      0x00000000001123cc      0x1f8 obj/ps2.o
                                        0x210 (size before relaxing)
 .eh_frame      0x00000000001125c4       0xa0 obj/timer.o
                                         0xb8 (size before relaxing)
 .eh_frame      0x0000000000112664      0x408 obj/cons.o
                                        0x420 (size before relaxing)
 .eh_frame      0x0000000000112a6c       0x28 obj/events.o
                                         0x40 (size before relaxing)
 .eh_frame      0x0000000000112a94       0xa0 obj/shell.o
                                         0xb8 (size before relaxing)
 .eh_frame      0x0000000000112b34      0x1a4 obj/peluqueria.o
                                        0x1bc (size before relaxing)
 .eh_frame      0x0000000000112cd8       0xac obj/cron.o
                                         0xc4 (size before relaxing)
 .eh_frame      0x0000000000112d84       0x20 obj/test.o
                                         0x38 (size before relaxing)
 .eh_frame      0x0000000000112da4      0x19c obj/filo.o
                                        0x1b4 (size before relaxing)
 .eh_frame      0x0000000000112f40      0x178 obj/sfilo.o
                                        0x190 (size before relaxing)
 .eh_frame      0x00000000001130b8       0x6c obj/ts.o
                                         0x84 (size before relaxing)
 .eh_frame      0x0000000000113124       0x30 obj/time.o
                                         0x48 (size before relaxing)
 .eh_frame      0x0000000000113154       0x40 obj/disk.o
                                         0x58 (size before relaxing)
 .eh_frame      0x0000000000113194      0x1e8 obj/camino.o
                                        0x200 (size before relaxing)
 .eh_frame      0x000000000011337c      0x19c obj/xfilo.o
                                        0x1b4 (size before relaxing)
 .eh_frame      0x0000000000113518      0x11c obj/prodcons.o
                                        0x134 (size before relaxing)
 .eh_frame      0x0000000000113634      0x19c obj/afilo.o
                                        0x1b4 (size before relaxing)
 .eh_frame      0x00000000001137d0       0x60 obj/divz.o
                                         0x78 (size before relaxing)
 .eh_frame      0x0000000000113830       0xc0 obj/calendar.o
                                         0xd8 (size before relaxing)
 .eh_frame      0x00000000001138f0       0x20 obj/kill.o
                                         0x38 (size before relaxing)
 .eh_frame      0x0000000000113910      0x1a8 obj/camino_ns.o
                                        0x1c0 (size before relaxing)
 .eh_frame      0x0000000000113ab8       0x20 obj/setkb.o
                                         0x38 (size before relaxing)
 .eh_frame      0x0000000000113ad8       0x50 obj/cal_and_ts.o
                                         0x68 (size before relaxing)

.gcc_except_table
 *(.gcc_except_table .gcc_except_table.*)

.exception_ranges
 *(.exception_ranges .exception_ranges*)
                0x0000000000113b28                . = (ALIGN (0x1000) - ((0x1000 - .) & 0xfff))
                0x0000000000115000                . = DATA_SEGMENT_ALIGN (0x1000, 0x1000)

.eh_frame
 *(.eh_frame)

.gcc_except_table
 *(.gcc_except_table .gcc_except_table.*)

.exception_ranges
 *(.exception_ranges .exception_ranges*)

.tdata
 *(.tdata .tdata.* .gnu.linkonce.td.*)

.tbss
 *(.tbss .tbss.* .gnu.linkonce.tb.*)
 *(.tcommon)

.preinit_array  0x0000000000115000        0x0
                0x0000000000115000                PROVIDE (__preinit_array_start, .)
 *(.preinit_array)
                0x0000000000115000                PROVIDE (__preinit_array_end, .)

.init_array     0x0000000000115000        0x0
                0x0000000000115000                PROVIDE (__init_array_start, .)
 *(SORT(.init_array.*) SORT(.ctors.*))
 *(.init_array EXCLUDE_FILE(*crtend?.o *crtend.o *crtbegin?.o *crtbegin.o) .ctors)
                0x0000000000115000                PROVIDE (__init_array_end, .)

.fini_array     0x0000000000115000        0x0
                0x0000000000115000                PROVIDE (__fini_array_start, .)
 *(SORT(.fini_array.*) SORT(.dtors.*))
 *(.fini_array EXCLUDE_FILE(*crtend?.o *crtend.o *crtbegin?.o *crtbegin.o) .dtors)
                0x0000000000115000                PROVIDE (__fini_array_end, .)

.ctors
 *crtbegin.o(.ctors)
 *crtbegin?.o(.ctors)
 *(EXCLUDE_FILE(*crtend?.o *crtend.o) .ctors)
 *(SORT(.ctors.*))
 *(.ctors)

.dtors
 *crtbegin.o(.dtors)
 *crtbegin?.o(.dtors)
 *(EXCLUDE_FILE(*crtend?.o *crtend.o) .dtors)
 *(SORT(.dtors.*))
 *(.dtors)

.jcr
 *(.jcr)

.data.rel.ro
 *(.data.rel.ro.local* .gnu.linkonce.d.rel.ro.local.*)
 *(.data.rel.ro .data.rel.ro.* .gnu.linkonce.d.rel.ro.*)

.dynamic
 *(.dynamic)

.got
 *(.got)
 *(.igot)
                0x0000000000115000                . = DATA_SEGMENT_RELRO_END (., (SIZEOF (.got.plt) >= 0xc)?0xc:0x0)

.got.plt        0x0000000000115000        0x0
 *(.got.plt)
 *(.igot.plt)
 .igot.plt      0x0000000000000000        0x0 obj/kstart.o

.data           0x0000000000115000     0x1280
 *(.data .data.* .gnu.linkonce.d.*)
 .data          0x0000000000115000        0x0 obj/kstart.o
 .data          0x0000000000115000        0x0 obj/io.o
 .data          0x0000000000115000        0x4 obj/rand.o
 .data          0x0000000000115004        0xc obj/split.o
 *fill*         0x0000000000115010       0x10 
 .data          0x0000000000115020       0x28 obj/states.o
 .data          0x0000000000115048        0x0 obj/getch.o
 .data          0x0000000000115048        0x8 obj/sprintf.o
 .data          0x0000000000115050        0x0 obj/printk.o
 .data          0x0000000000115050        0x0 obj/getline.o
 .data          0x0000000000115050        0x0 obj/malloc.o
 .data          0x0000000000115050        0x0 obj/atoi.o
 .data          0x0000000000115050        0x0 obj/itoa.o
 .data          0x0000000000115050        0x0 obj/string.o
 .data          0x0000000000115050        0x0 obj/strtol.o
 .data          0x0000000000115050        0x0 obj/monitor.o
 .data          0x0000000000115050        0x0 obj/msgqueue.o
 .data          0x0000000000115050        0x0 obj/mutex.o
 .data          0x0000000000115050        0x0 obj/pipe.o
 .data          0x0000000000115050        0x0 obj/sem.o
 .data          0x0000000000115050        0x0 obj/interrupts.o
 .data          0x0000000000115050       0x18 obj/gdt_idt.o
 .data          0x0000000000115068        0x4 obj/rtc.o
                0x0000000000115068                century_register
 .data          0x000000000011506c        0x0 obj/queue.o
 .data          0x000000000011506c        0x0 obj/kernel.o
 .data          0x000000000011506c        0x0 obj/irq.o
 .data          0x000000000011506c        0x0 obj/math.o
 .data          0x000000000011506c        0x0 obj/libasm.o
 *fill*         0x000000000011506c       0x14 
 .data          0x0000000000115080      0x1a0 obj/ide.o
 .data          0x0000000000115220        0x0 obj/drivers.o
 .data          0x0000000000115220        0x0 obj/input.o
 .data          0x0000000000115220      0xc24 obj/ps2.o
                0x0000000000115220                keymap_spanish
                0x0000000000115820                keymap_us_std
 .data          0x0000000000115e44        0x0 obj/timer.o
 .data          0x0000000000115e44       0x20 obj/cons.o
 .data          0x0000000000115e64        0x0 obj/events.o
 *fill*         0x0000000000115e64       0x1c 
 .data          0x0000000000115e80       0xfc obj/shell.o
 .data          0x0000000000115f7c        0x0 obj/peluqueria.o
 *fill*         0x0000000000115f7c        0x4 
 .data          0x0000000000115f80       0xfc obj/cron.o
 .data          0x000000000011607c        0x0 obj/test.o
 *fill*         0x000000000011607c        0x4 
 .data          0x0000000000116080       0x50 obj/filo.o
 *fill*         0x00000000001160d0       0x10 
 .data          0x00000000001160e0       0x50 obj/sfilo.o
 .data          0x0000000000116130        0x8 obj/ts.o
 .data          0x0000000000116138        0x0 obj/time.o
 .data          0x0000000000116138        0x0 obj/disk.o
 .data          0x0000000000116138        0x4 obj/camino.o
 *fill*         0x000000000011613c        0x4 
 .data          0x0000000000116140       0x50 obj/xfilo.o
 .data          0x0000000000116190        0x0 obj/prodcons.o
 *fill*         0x0000000000116190       0x10 
 .data          0x00000000001161a0       0x50 obj/afilo.o
 .data          0x00000000001161f0        0x0 obj/divz.o
 *fill*         0x00000000001161f0       0x10 
 .data          0x0000000000116200       0x70 obj/calendar.o
                0x0000000000116200                months
 .data          0x0000000000116270        0x0 obj/kill.o
 .data          0x0000000000116270        0x4 obj/camino_ns.o
 .data          0x0000000000116274        0x0 obj/setkb.o
 .data          0x0000000000116274        0xc obj/cal_and_ts.o

.data1
 *(.data1)
                0x0000000000116280                _edata = .
                0x0000000000116280                PROVIDE (edata, .)
                0x0000000000116280                . = .
                0x0000000000116280                __bss_start = .

.bss            0x0000000000116280     0x85c8
 *(.dynbss)
 *(.bss .bss.* .gnu.linkonce.b.*)
 .bss           0x0000000000116280     0x4000 obj/kstart.o
 .bss           0x000000000011a280        0x0 obj/io.o
 .bss           0x000000000011a280        0x0 obj/rand.o
 .bss           0x000000000011a280        0x0 obj/split.o
 .bss           0x000000000011a280        0x0 obj/states.o
 .bss           0x000000000011a280        0x0 obj/getch.o
 .bss           0x000000000011a280        0x0 obj/sprintf.o
 .bss           0x000000000011a280        0x0 obj/printk.o
 .bss           0x000000000011a280        0x0 obj/getline.o
 .bss           0x000000000011a280        0xc obj/malloc.o
 .bss           0x000000000011a28c        0x0 obj/atoi.o
 .bss           0x000000000011a28c        0x0 obj/itoa.o
 .bss           0x000000000011a28c        0x0 obj/string.o
 .bss           0x000000000011a28c        0x0 obj/strtol.o
 .bss           0x000000000011a28c        0x0 obj/monitor.o
 .bss           0x000000000011a28c        0x0 obj/msgqueue.o
 .bss           0x000000000011a28c        0x0 obj/mutex.o
 .bss           0x000000000011a28c        0x0 obj/pipe.o
 .bss           0x000000000011a28c        0x0 obj/sem.o
 .bss           0x000000000011a28c     0x400c obj/interrupts.o
 *fill*         0x000000000011e298        0x8 
 .bss           0x000000000011e2a0      0x180 obj/gdt_idt.o
 .bss           0x000000000011e420        0x1 obj/rtc.o
                0x000000000011e420                century_r
 *fill*         0x000000000011e421        0x3 
 .bss           0x000000000011e424        0xc obj/queue.o
 .bss           0x000000000011e430       0x40 obj/kernel.o
                0x000000000011e430                suma
                0x000000000011e434                ticks
 *fill*         0x000000000011e470       0x10 
 .bss           0x000000000011e480       0xc0 obj/irq.o
 .bss           0x000000000011e540        0x0 obj/math.o
 .bss           0x000000000011e540        0x4 obj/libasm.o
 .bss           0x000000000011e544        0x0 obj/ide.o
 .bss           0x000000000011e544        0x0 obj/drivers.o
 *fill*         0x000000000011e544       0x1c 
 .bss           0x000000000011e560       0x7c obj/input.o
 .bss           0x000000000011e5dc       0x54 obj/ps2.o
 .bss           0x000000000011e630        0x0 obj/timer.o
 *fill*         0x000000000011e630       0x10 
 .bss           0x000000000011e640      0x104 obj/cons.o
 .bss           0x000000000011e744        0x0 obj/events.o
 .bss           0x000000000011e744        0x0 obj/shell.o
 .bss           0x000000000011e744        0x0 obj/peluqueria.o
 .bss           0x000000000011e744        0x0 obj/cron.o
 .bss           0x000000000011e744        0x0 obj/test.o
 .bss           0x000000000011e744        0x0 obj/filo.o
 .bss           0x000000000011e744        0x0 obj/sfilo.o
 .bss           0x000000000011e744        0x0 obj/ts.o
 .bss           0x000000000011e744        0x0 obj/time.o
 .bss           0x000000000011e744        0x0 obj/disk.o
 .bss           0x000000000011e744        0x4 obj/camino.o
 .bss           0x000000000011e748        0x0 obj/xfilo.o
 .bss           0x000000000011e748        0x0 obj/prodcons.o
 .bss           0x000000000011e748        0x0 obj/afilo.o
 .bss           0x000000000011e748        0x0 obj/divz.o
 .bss           0x000000000011e748        0x0 obj/calendar.o
 .bss           0x000000000011e748        0x0 obj/kill.o
 .bss           0x000000000011e748        0x4 obj/camino_ns.o
 .bss           0x000000000011e74c        0x0 obj/setkb.o
 .bss           0x000000000011e74c        0x0 obj/cal_and_ts.o
 *(COMMON)
 COMMON         0x000000000011e74c        0x9 obj/rtc.o
                0x000000000011e74c                month
                0x000000000011e74d                second
                0x000000000011e74e                minute
                0x000000000011e74f                hour
                0x000000000011e750                year
                0x000000000011e754                day
 *fill*         0x000000000011e755        0x3 
 COMMON         0x000000000011e758       0x10 obj/kernel.o
                0x000000000011e758                TLS
                0x000000000011e75c                mt_last_task
                0x000000000011e760                mt_fpu_task
                0x000000000011e764                mt_curr_task
 COMMON         0x000000000011e768        0x4 obj/irq.o
                0x000000000011e768                mt_int_level
 *fill*         0x000000000011e76c       0x14 
 COMMON         0x000000000011e780       0xc8 obj/cron.o
                0x000000000011e780                line
                0x000000000011e848                . = ALIGN ((. != 0x0)?0x4:0x1)
                0x000000000011e848                . = ALIGN (0x4)
                0x000000000011e848                . = SEGMENT_START ("ldata-segment", .)
                0x000000000011e848                . = ALIGN (0x4)
                0x000000000011e848                _end = .
                0x000000000011e848                PROVIDE (end, .)
                0x000000000011e848                . = DATA_SEGMENT_END (.)

.stab
 *(.stab)

.stabstr
 *(.stabstr)

.stab.excl
 *(.stab.excl)

.stab.exclstr
 *(.stab.exclstr)

.stab.index
 *(.stab.index)

.stab.indexstr
 *(.stab.indexstr)

.comment        0x0000000000000000       0x24
 *(.comment)
 .comment       0x0000000000000000       0x24 obj/rand.o
                                         0x25 (size before relaxing)
 .comment       0x0000000000000000       0x25 obj/split.o
 .comment       0x0000000000000000       0x25 obj/states.o
 .comment       0x0000000000000000       0x25 obj/getch.o
 .comment       0x0000000000000000       0x25 obj/sprintf.o
 .comment       0x0000000000000000       0x25 obj/printk.o
 .comment       0x0000000000000000       0x25 obj/getline.o
 .comment       0x0000000000000000       0x25 obj/malloc.o
 .comment       0x0000000000000000       0x25 obj/atoi.o
 .comment       0x0000000000000000       0x25 obj/itoa.o
 .comment       0x0000000000000000       0x25 obj/string.o
 .comment       0x0000000000000000       0x25 obj/strtol.o
 .comment       0x0000000000000000       0x25 obj/monitor.o
 .comment       0x0000000000000000       0x25 obj/msgqueue.o
 .comment       0x0000000000000000       0x25 obj/mutex.o
 .comment       0x0000000000000000       0x25 obj/pipe.o
 .comment       0x0000000000000000       0x25 obj/sem.o
 .comment       0x0000000000000000       0x25 obj/gdt_idt.o
 .comment       0x0000000000000000       0x25 obj/rtc.o
 .comment       0x0000000000000000       0x25 obj/queue.o
 .comment       0x0000000000000000       0x25 obj/kernel.o
 .comment       0x0000000000000000       0x25 obj/irq.o
 .comment       0x0000000000000000       0x25 obj/math.o
 .comment       0x0000000000000000       0x25 obj/ide.o
 .comment       0x0000000000000000       0x25 obj/drivers.o
 .comment       0x0000000000000000       0x25 obj/input.o
 .comment       0x0000000000000000       0x25 obj/ps2.o
 .comment       0x0000000000000000       0x25 obj/timer.o
 .comment       0x0000000000000000       0x25 obj/cons.o
 .comment       0x0000000000000000       0x25 obj/events.o
 .comment       0x0000000000000000       0x25 obj/shell.o
 .comment       0x0000000000000000       0x25 obj/peluqueria.o
 .comment       0x0000000000000000       0x25 obj/cron.o
 .comment       0x0000000000000000       0x25 obj/test.o
 .comment       0x0000000000000000       0x25 obj/filo.o
 .comment       0x0000000000000000       0x25 obj/sfilo.o
 .comment       0x0000000000000000       0x25 obj/ts.o
 .comment       0x0000000000000000       0x25 obj/time.o
 .comment       0x0000000000000000       0x25 obj/disk.o
 .comment       0x0000000000000000       0x25 obj/camino.o
 .comment       0x0000000000000000       0x25 obj/xfilo.o
 .comment       0x0000000000000000       0x25 obj/prodcons.o
 .comment       0x0000000000000000       0x25 obj/afilo.o
 .comment       0x0000000000000000       0x25 obj/divz.o
 .comment       0x0000000000000000       0x25 obj/calendar.o
 .comment       0x0000000000000000       0x25 obj/kill.o
 .comment       0x0000000000000000       0x25 obj/camino_ns.o
 .comment       0x0000000000000000       0x25 obj/setkb.o
 .comment       0x0000000000000000       0x25 obj/cal_and_ts.o

.debug
 *(.debug)

.line
 *(.line)

.debug_srcinfo
 *(.debug_srcinfo)

.debug_sfnames
 *(.debug_sfnames)

.debug_aranges
 *(.debug_aranges)

.debug_pubnames
 *(.debug_pubnames)

.debug_info
 *(.debug_info .gnu.linkonce.wi.*)

.debug_abbrev
 *(.debug_abbrev)

.debug_line
 *(.debug_line .debug_line.* .debug_line_end)

.debug_frame
 *(.debug_frame)

.debug_str
 *(.debug_str)

.debug_loc
 *(.debug_loc)

.debug_macinfo
 *(.debug_macinfo)

.debug_weaknames
 *(.debug_weaknames)

.debug_funcnames
 *(.debug_funcnames)

.debug_typenames
 *(.debug_typenames)

.debug_varnames
 *(.debug_varnames)

.debug_pubtypes
 *(.debug_pubtypes)

.debug_ranges
 *(.debug_ranges)

.debug_macro
 *(.debug_macro)

.gnu.attributes
 *(.gnu.attributes)

/DISCARD/
 *(.note.GNU-stack)
 *(.gnu_debuglink)
 *(.gnu.lto_*)
OUTPUT(mtask elf32-i386)
